+------------------------------------------------------------------------------+
|                                                                              |
|                                  QuantumATK®                                 |
|                                                                              |
|        Version: V-2023.12-SP1 for Windows and Linux [Build fba5aeb947f]      |
|                                                                              |
|                      Copyright © 2004-2026 Synopsys, Inc.                    |
|                                                                              |
|       This software and all associated documentation are proprietary to      |
|         Synopsys, Inc. This software may only be used pursuant to the        |
|       terms and conditions of a written license agreement with Synopsys,     |
|       Inc. All other use, reproduction, modification, or distribution of     |
|                     this software is strictly prohibited.                    |
|                                                                              |
+------------------------------------------------------------------------------+
+------------------------------------------------------------------------------+
|                                                                              |
| DFT Calculation  [Started Wed Aug 12 09:23:52 2026]                          |
|                                                                              |
+------------------------------------------------------------------------------+
+------------------------------------------------------------------------------+
|                                                                              |
| CPU Information                                                              |
|                                                                              |
+------------------------------------------------------------------------------+
|  Process ID 0 at LAPTOP-8JCJFQ94 (8 threads)                                 |
+------------------------------------------------------------------------------+
+------------------------------------------------------------------------------+
|                                                                              |
| SCF Loop Information                                                         |
|                                                                              |
+------------------------------------------------------------------------------+
+------------------------------------------------------------------------------+
| K-point grid: 8 x 8 x 8                                                      |
| Number of irreducible k-points: 29                                           |
| Using symmetry reduction of k-points.                                        |
+------------------------------------------------------------------------------+
+------------------------------------------------------------------------------+
| Grid samplings in a, b, and c directions:                                    |
|     Real space grid:           (24, 24, 24)                                  |
|     Compensation charge grid:  (24, 24, 24)                                  |
|                                                                              |
| Exchange-correlation: GGA.PBE                                                |
+------------------------------------------------------------------------------+
+------------------------------------------------------------------------------+
| Memory requirements for the calculation                                      |
+------------------------------------------------------------------------------+
| Memory estimate for plane-wave quantities per process: 7 MB                  |
| [Number of bands: 6, Plane-Wave basis size: 444]                             |
|                                                                              |
| Total memory required per real-space grid: <1 MB                             |
|                                                                              |
| Total memory required for compensation charge grid: <1 MB                    |
+------------------------------------------------------------------------------+
+------------------------------------------------------------------------------+
| SCF History                                                                  |
+------------------------------------------------------------------------------+
| Memory required to store SCF history: <1 MB                                  |
| Number of history steps: 5                                                   |
+------------------------------------------------------------------------------+
+------------------------------------------------------------------------------+
| No checkpoint handler                                                        |
+------------------------------------------------------------------------------+
+------------------------------------------------------------------------------+
| Plane-Wave parallelization report                                            |
+------------------------------------------------------------------------------+
| Total number of processes: 1                                                 |
| Total number of k-points: 29                                                 |
| Processes per k-point: 1                                                     |
+------------------------------------------------------------------------------+
| Process occupation                                                           |
+------------------------------------------------------------------------------+
| Process 0: |===============================================================| |
+------------------------------------------------------------------------------+
+------------------------------------------------------------------------------+
| SCF Loop                                                                     |
+------------------------------------------------------------------------------+
|   0 E =  -7.625801437   dE =  7.625801e+00   dR =  1.874091e+01              |
|   1 E = -11.766882092   dE =  4.141081e+00   dR =  1.484431e+01              |
|   2 E = -12.220959137   dE =  4.540770e-01   dR =  2.970089e+00              |
|   3 E = -11.909569586   dE =  3.113896e-01   dR =  1.423950e+00              |
|   4 E = -11.972101574   dE =  6.253199e-02   dR =  2.049032e-01              |
|   5 E = -11.985906816   dE =  1.380524e-02   dR =  6.414436e-02              |
|   6 E = -11.983895742   dE =  2.011073e-03   dR =  9.381075e-03              |
|   7 E = -11.983427865   dE =  4.678772e-04   dR =  2.188262e-03              |
|   8 E = -11.983262892   dE =  1.649737e-04   dR =  1.905108e-03              |
|   9 E = -11.983097159   dE =  1.657327e-04   dR =  8.018775e-05              |
|  10 E = -11.983121092   dE =  2.393256e-05   dR =  7.815839e-05              |
|  11 E = -11.983136030   dE =  1.493803e-05   dR =  4.691129e-05              |
|  12 E = -11.983144169   dE =  8.139532e-06   dR =  3.294087e-05              |
|  13 E = -11.983137192   dE =  6.976989e-06   dR =  2.568211e-05              |
|  14 E = -11.983135362   dE =  1.830098e-06   dR =  1.592551e-05              |
|  15 E = -11.983132841   dE =  2.521236e-06   dR =  1.168733e-05              |
|  16 E = -11.983133030   dE =  1.892409e-07   dR =  2.766357e-06              |
|  17 E = -11.983133533   dE =  5.032994e-07   dR =  1.382511e-06              |
+------------------------------------------------------------------------------+
| Calculation Converged in 18 steps                                            |
|                                                                              |
| Fermi Level  = -3.949306 eV                                                  |
+------------------------------------------------------------------------------+
+------------------------------------------------------------------------------+
|                                                                              |
| DFT Calculation  [Finished Wed Aug 12 09:23:57 2026]                         |
|                                                                              |
| Calculation time: 4.51 s                                                     |
|                                                                              |
+------------------------------------------------------------------------------+
+------------------------------------------------------------------------------+
|                                                                              |
| Bandstructure Analysis                                                       |
|                                                                              |
+------------------------------------------------------------------------------+

                            |--------------------------------------------------|
Bandstructure              : ==================================================

Timing:                          Total     Per Step        %

--------------------------------------------------------------------------------

Loading Modules + MPI   :       5.35 s       5.35 s      38.37% |=============|
Bandstructure           :       2.88 s       2.88 s      20.65% |=======|
Solve Eigensystem       :       2.26 s       0.13 s      16.22% |=====|
PAW Atom Hamiltonian    :       0.68 s       0.03 s       4.86% |=|
Valence Density         :       0.29 s       0.02 s       2.08% ||
PAW Density Matrices    :       0.29 s       0.02 s       2.06% ||
Constant Terms          :       0.09 s       0.04 s       0.63% |
Init. Wave Functions    :       0.07 s       0.07 s       0.49% |
Exchange-Correlation    :       0.04 s       0.00 s       0.30% |
Difference Density      :       0.03 s       0.00 s       0.20% |
One-center energy       :       0.01 s       0.00 s       0.09% |
Effective Potential     :       0.01 s       0.00 s       0.08% |
Kinetic Energy          :       0.01 s       0.00 s       0.06% |
PAW Atomic Energy       :       0.01 s       0.00 s       0.06% |
Generating Densities    :       0.00 s       0.00 s       0.02% |
Hartree Potential       :       0.00 s       0.00 s       0.01% |
Two-center energy       :       0.00 s       0.00 s       0.00% |
Zero potential energy   :       0.00 s       0.00 s       0.00% |
PAW Charges             :       0.00 s       0.00 s       0.00% |
--------------------------------------------------------------------------------
Total                   :      13.95 s
