+------------------------------------------------------------------------------+
|                                                                              |
|                                  QuantumATK®                                 |
|                                                                              |
|        Version: V-2023.12-SP1 for Windows and Linux [Build fba5aeb947f]      |
|                                                                              |
|                      Copyright © 2004-2026 Synopsys, Inc.                    |
|                                                                              |
|       This software and all associated documentation are proprietary to      |
|         Synopsys, Inc. This software may only be used pursuant to the        |
|       terms and conditions of a written license agreement with Synopsys,     |
|       Inc. All other use, reproduction, modification, or distribution of     |
|                     this software is strictly prohibited.                    |
|                                                                              |
+------------------------------------------------------------------------------+
+------------------------------------------------------------------------------+
|                                                                              |
| DFT Calculation  [Started Wed Aug 12 10:15:10 2026]                          |
|                                                                              |
+------------------------------------------------------------------------------+
+------------------------------------------------------------------------------+
|                                                                              |
| CPU Information                                                              |
|                                                                              |
+------------------------------------------------------------------------------+
|  Process ID 0 at LAPTOP-8JCJFQ94 (8 threads)                                 |
+------------------------------------------------------------------------------+

                            |--------------------------------------------------|
Calculating Kinetic Matrix : ==================================================

                            |--------------------------------------------------|
Calculating Nonlocal Part  : ==================================================

                                               |-------------------------------|
Calculating PARI Auxiliary Basis Coefficients : ===============================

                                             |---------------------------------|
Calculating Exchange Screening Coefficients : =================================

                             |-------------------------------------------------|
Calculating Exchange Matrix : =================================================
+------------------------------------------------------------------------------+
|                                                                              |
| SCF Loop Information                                                         |
|                                                                              |
+------------------------------------------------------------------------------+
+------------------------------------------------------------------------------+
| K-point grid: 8 x 8 x 8                                                      |
| Number of irreducible k-points: 260                                          |
+------------------------------------------------------------------------------+
+------------------------------------------------------------------------------+
| Real space grid sampling is (19, 19, 19) in a, b, and c directions.          |
+------------------------------------------------------------------------------+
+------------------------------------------------------------------------------+
| Memory requirements for the calculation                                      |
+------------------------------------------------------------------------------+
| Dense matrices: <1 MB per matrix [Matrix dimensions 26 x 26]                 |
| Total memory required per k-point: <1 MB                                     |
|                                                                              |
| Block Sparse Square Atom Pair Density Matrix 3 MB                            |
| Block Sparse Square Atom Pair Exchange Matrix 1 MB                           |
| Block Sparse Atom Pair Matrices with auxiliary basis coefficients 14 MB      |
| Block Sparse Atom Pair Matrices with coulomb integrals 106 MB                |
|                                                                              |
| Storage of real-space orbitals: Enabled                                      |
| Storage requires 10 MB                                                       |
|                                                                              |
| Total memory required per real-space grid: <1 MB                             |
+------------------------------------------------------------------------------+
+------------------------------------------------------------------------------+
| SCF History                                                                  |
+------------------------------------------------------------------------------+
| Memory required to store SCF history: 4 MB                                   |
| Number of history steps: 20                                                  |
+------------------------------------------------------------------------------+
+------------------------------------------------------------------------------+
| No checkpoint handler                                                        |
+------------------------------------------------------------------------------+
+------------------------------------------------------------------------------+
| The stop calculation file feature has been enabled for the SCF loop.         |
| Creating the following file in the current working directory will stop the   |
| calculation at the next iteration:                                           |
| stop-scf-b4858e27-10b1-42ad-b212-52686c5a2022                                |
| The file must be created in the directory:                                   |
| E:\Stucture\                                                                 |
+------------------------------------------------------------------------------+
+------------------------------------------------------------------------------+
| Diagonalization solver parallelization report                                |
+------------------------------------------------------------------------------+
| Total number of processes: 1                                                 |
| Total number of k-points: 260                                                |
| Processes per k-point: 1                                                     |
+------------------------------------------------------------------------------+
| Process occupation                                                           |
+------------------------------------------------------------------------------+
| Process 0: |===============================================================| |
+------------------------------------------------------------------------------+

                            |--------------------------------------------------|
Calculating Eigenvalues    : ==================================================
Calculating Density Matrix : ==================================================


                             |-------------------------------------------------|
Calculating Exchange Matrix : =================================================
+------------------------------------------------------------------------------+
| Density Matrix Report                       DM        DD                     |
+------------------------------------------------------------------------------+
|   0  Si   [  0.000 ,  0.000 ,  0.000 ]    3.99957  -0.00043                  |
|   1  Si   [  1.368 ,  1.368 ,  1.368 ]    4.00043   0.00043                  |
+------------------------------------------------------------------------------+
|   0 E = -3.04915 dE =  5.036439e-02 dH =  1.666110e-02                       |
+------------------------------------------------------------------------------+

                            |--------------------------------------------------|
Calculating Eigenvalues    : ==================================================
Calculating Density Matrix : ==================================================


                             |-------------------------------------------------|
Calculating Exchange Matrix : =================================================
+------------------------------------------------------------------------------+
| Density Matrix Report                       DM        DD                     |
+------------------------------------------------------------------------------+
|   0  Si   [  0.000 ,  0.000 ,  0.000 ]    3.99957  -0.00043                  |
|   1  Si   [  1.368 ,  1.368 ,  1.368 ]    4.00043   0.00043                  |
+------------------------------------------------------------------------------+
|   1 E = -3.00304 dE =  4.610892e-02 dH =  1.509280e-02                       |
+------------------------------------------------------------------------------+

                            |--------------------------------------------------|
Calculating Eigenvalues    : ==================================================
Calculating Density Matrix : ==================================================


                             |-------------------------------------------------|
Calculating Exchange Matrix : =================================================
+------------------------------------------------------------------------------+
| Density Matrix Report                       DM        DD                     |
+------------------------------------------------------------------------------+
|   0  Si   [  0.000 ,  0.000 ,  0.000 ]    3.99956  -0.00044                  |
|   1  Si   [  1.368 ,  1.368 ,  1.368 ]    4.00044   0.00044                  |
+------------------------------------------------------------------------------+
|   2 E = -3.00541 dE =  2.365827e-03 dH =  5.485258e-04                       |
+------------------------------------------------------------------------------+

                            |--------------------------------------------------|
Calculating Eigenvalues    : ==================================================
Calculating Density Matrix : ==================================================


                             |-------------------------------------------------|
Calculating Exchange Matrix : =================================================
+------------------------------------------------------------------------------+
| Density Matrix Report                       DM        DD                     |
+------------------------------------------------------------------------------+
|   0  Si   [  0.000 ,  0.000 ,  0.000 ]    3.99959  -0.00041                  |
|   1  Si   [  1.368 ,  1.368 ,  1.368 ]    4.00041   0.00041                  |
+------------------------------------------------------------------------------+
|   3 E = -3.00549 dE =  8.006122e-05 dH =  2.910844e-04                       |
+------------------------------------------------------------------------------+

                            |--------------------------------------------------|
Calculating Eigenvalues    : ==================================================
Calculating Density Matrix : ==================================================


                             |-------------------------------------------------|
Calculating Exchange Matrix : =================================================
+------------------------------------------------------------------------------+
| Density Matrix Report                       DM        DD                     |
+------------------------------------------------------------------------------+
|   0  Si   [  0.000 ,  0.000 ,  0.000 ]    3.99960  -0.00040                  |
|   1  Si   [  1.368 ,  1.368 ,  1.368 ]    4.00040   0.00040                  |
+------------------------------------------------------------------------------+
|   4 E = -3.00529 dE =  1.922326e-04 dH =  5.507637e-05                       |
+------------------------------------------------------------------------------+

                            |--------------------------------------------------|
Calculating Eigenvalues    : ==================================================
Calculating Density Matrix : ==================================================


                             |-------------------------------------------------|
Calculating Exchange Matrix : =================================================
+------------------------------------------------------------------------------+
| Density Matrix Report                       DM        DD                     |
+------------------------------------------------------------------------------+
|   0  Si   [  0.000 ,  0.000 ,  0.000 ]    3.99958  -0.00042                  |
|   1  Si   [  1.368 ,  1.368 ,  1.368 ]    4.00042   0.00042                  |
+------------------------------------------------------------------------------+
|   5 E = -3.00528 dE =  1.107229e-05 dH =  4.550265e-06                       |
+------------------------------------------------------------------------------+

                            |--------------------------------------------------|
Calculating Eigenvalues    : ==================================================
Calculating Density Matrix : ==================================================


                             |-------------------------------------------------|
Calculating Exchange Matrix : =================================================
+------------------------------------------------------------------------------+
| Density Matrix Report                       DM        DD                     |
+------------------------------------------------------------------------------+
|   0  Si   [  0.000 ,  0.000 ,  0.000 ]    3.99958  -0.00042                  |
|   1  Si   [  1.368 ,  1.368 ,  1.368 ]    4.00042   0.00042                  |
+------------------------------------------------------------------------------+
|   6 E = -3.00528 dE =  1.620629e-06 dH =  1.604964e-06                       |
+------------------------------------------------------------------------------+
| Calculation Converged in 7 steps                                             |
|                                                                              |
| Fermi Level  = -4.157526 eV                                                  |
+------------------------------------------------------------------------------+
+------------------------------------------------------------------------------+
|                                                                              |
| DFT Calculation  [Finished Wed Aug 12 10:15:23 2026]                         |
|                                                                              |
| Calculation time: 12.46 s                                                    |
|                                                                              |
+------------------------------------------------------------------------------+
+------------------------------------------------------------------------------+
|                                                                              |
| Bandstructure Analysis                                                       |
|                                                                              |
+------------------------------------------------------------------------------+

                            |--------------------------------------------------|
Calculating Bandstructure  : ==================================================

Timing:                          Total     Per Step        %

--------------------------------------------------------------------------------

Loading Modules + MPI   :       5.60 s       5.60 s      28.57% |=============|
Constant Terms          :       4.48 s       4.48 s      22.87% |==========|
Exchange Matrix         :       3.15 s       0.39 s      16.07% |=======|
Diagonalization         :       2.74 s       0.39 s      13.98% |======|
Valence Density         :       1.24 s       0.16 s       6.34% |==|
Bandstructure           :       0.14 s       0.14 s       0.70% |
Real Space Integral     :       0.11 s       0.01 s       0.56% |
Mixing                  :       0.06 s       0.01 s       0.29% |
Real Space Basis        :       0.04 s       0.04 s       0.19% |
Exchange-Correlation    :       0.02 s       0.00 s       0.12% |
Hartree Potential       :       0.00 s       0.00 s       0.02% |
Exchange Energy         :       0.00 s       0.00 s       0.02% |
Difference Density      :       0.00 s       0.00 s       0.01% |
Core Density            :       0.00 s       0.00 s       0.01% |
Neutral Atom Potential  :       0.00 s       0.00 s       0.01% |
Hubbard Term            :       0.00 s       0.00 s       0.00% |
Fixed Spins Term        :       0.00 s       0.00 s       0.00% |
Setting Density Matrix  :       0.00 s       0.00 s       0.00% |
--------------------------------------------------------------------------------
Total                   :      19.59 s
