+------------------------------------------------------------------------------+
|                                                                              |
|                                  QuantumATK®                                 |
|                                                                              |
|        Version: V-2023.12-SP1 for Windows and Linux [Build fba5aeb947f]      |
|                                                                              |
|                      Copyright © 2004-2026 Synopsys, Inc.                    |
|                                                                              |
|       This software and all associated documentation are proprietary to      |
|         Synopsys, Inc. This software may only be used pursuant to the        |
|       terms and conditions of a written license agreement with Synopsys,     |
|       Inc. All other use, reproduction, modification, or distribution of     |
|                     this software is strictly prohibited.                    |
|                                                                              |
+------------------------------------------------------------------------------+
+------------------------------------------------------------------------------+
| The stop calculation file feature has been enabled for the geometry          |
| optimization. Creating the following file in the current working directory   |
| will stop the calculation at the next iteration:                             |
| stop-geometry-optimization-ee74d839-5040-4353-8926-6f6029fb055f              |
| The file must be created in the directory:                                   |
| E:\Stucture\                                                                 |
+------------------------------------------------------------------------------+
+------------------------------------------------------------------------------+
| Geometry optimization starting from initial configuration                    |
| Could not find usable restart trajectory in Silicon_Hybrid_opt_results.hdf5  |
+------------------------------------------------------------------------------+
+------------------------------------------------------------------------------+
|                                                                              |
| DFT Calculation  [Started Tue Aug 11 23:16:36 2026]                          |
|                                                                              |
+------------------------------------------------------------------------------+
+------------------------------------------------------------------------------+
|                                                                              |
| CPU Information                                                              |
|                                                                              |
+------------------------------------------------------------------------------+
|  Process ID 0 at LAPTOP-8JCJFQ94 (8 threads)                                 |
+------------------------------------------------------------------------------+
+------------------------------------------------------------------------------+
|                                                                              |
| SCF Loop Information                                                         |
|                                                                              |
+------------------------------------------------------------------------------+
+------------------------------------------------------------------------------+
| K-point grid: 9 x 9 x 9                                                      |
| Number of irreducible k-points: 35                                           |
| Using symmetry reduction of k-points.                                        |
+------------------------------------------------------------------------------+
+------------------------------------------------------------------------------+
| Grid samplings in a, b, and c directions:                                    |
|     Real space grid:           (24, 24, 24)                                  |
|     Compensation charge grid:  (24, 24, 24)                                  |
|                                                                              |
| Exchange-correlation: GGA.PBE                                                |
+------------------------------------------------------------------------------+
+------------------------------------------------------------------------------+
| Memory requirements for the calculation                                      |
+------------------------------------------------------------------------------+
| Memory estimate for plane-wave quantities per process: 8 MB                  |
| [Number of bands: 6, Plane-Wave basis size: 411]                             |
|                                                                              |
| Total memory required per real-space grid: <1 MB                             |
|                                                                              |
| Total memory required for compensation charge grid: <1 MB                    |
+------------------------------------------------------------------------------+
+------------------------------------------------------------------------------+
| SCF History                                                                  |
+------------------------------------------------------------------------------+
| Memory required to store SCF history: <1 MB                                  |
| Number of history steps: 5                                                   |
+------------------------------------------------------------------------------+
+------------------------------------------------------------------------------+
| No checkpoint handler                                                        |
+------------------------------------------------------------------------------+
+------------------------------------------------------------------------------+
| Plane-Wave parallelization report                                            |
+------------------------------------------------------------------------------+
| Total number of processes: 1                                                 |
| Total number of k-points: 35                                                 |
| Processes per k-point: 1                                                     |
+------------------------------------------------------------------------------+
| Process occupation                                                           |
+------------------------------------------------------------------------------+
| Process 0: |===============================================================| |
+------------------------------------------------------------------------------+
+------------------------------------------------------------------------------+
| SCF Loop                                                                     |
+------------------------------------------------------------------------------+
|   0 E =  -7.440863373   dE =  7.440863e+00   dR =  1.920158e+01              |
|   1 E = -11.714835791   dE =  4.273972e+00   dR =  1.518165e+01              |
|   2 E = -12.217792307   dE =  5.029565e-01   dR =  3.075403e+00              |
|   3 E = -11.903660786   dE =  3.141315e-01   dR =  1.437014e+00              |
|   4 E = -11.967240429   dE =  6.357964e-02   dR =  2.035615e-01              |
|   5 E = -11.980872953   dE =  1.363252e-02   dR =  5.900887e-02              |
|   6 E = -11.978981722   dE =  1.891231e-03   dR =  9.026916e-03              |
|   7 E = -11.978545789   dE =  4.359331e-04   dR =  2.231492e-03              |
|   8 E = -11.978386923   dE =  1.588657e-04   dR =  1.937669e-03              |
|   9 E = -11.978220800   dE =  1.661233e-04   dR =  8.489344e-05              |
|  10 E = -11.978243691   dE =  2.289063e-05   dR =  7.656843e-05              |
|  11 E = -11.978256700   dE =  1.300888e-05   dR =  4.570645e-05              |
|  12 E = -11.978265085   dE =  8.385890e-06   dR =  3.368677e-05              |
|  13 E = -11.978257987   dE =  7.098193e-06   dR =  2.445138e-05              |
|  14 E = -11.978256819   dE =  1.168011e-06   dR =  2.165470e-05              |
|  15 E = -11.978255379   dE =  1.440481e-06   dR =  1.165026e-05              |
|  16 E = -11.978255613   dE =  2.340297e-07   dR =  1.141426e-06              |
|  17 E = -11.978255717   dE =  1.042100e-07   dR =  7.224800e-07              |
+------------------------------------------------------------------------------+
| Calculation Converged in 18 steps                                            |
|                                                                              |
| Fermi Level  = -3.970565 eV                                                  |
+------------------------------------------------------------------------------+
+------------------------------------------------------------------------------+
|                                                                              |
| DFT Calculation  [Finished Tue Aug 11 23:16:45 2026]                         |
|                                                                              |
| Calculation time: 8.76 s                                                     |
|                                                                              |
+------------------------------------------------------------------------------+
+------------------------------------------------------------------------------+
|                                                                              |
| Restart information                                                          |
|                                                                              |
+------------------------------------------------------------------------------+
| Maximum atom displacement:                 0.0000 Ang                        |
| Use initial_state from the last step:            True                        |
+------------------------------------------------------------------------------+
+------------------------------------------------------------------------------+
|                                                                              |
| DFT Calculation  [Started Tue Aug 11 23:16:45 2026]                          |
|                                                                              |
+------------------------------------------------------------------------------+
+------------------------------------------------------------------------------+
|                                                                              |
| CPU Information                                                              |
|                                                                              |
+------------------------------------------------------------------------------+
|  Process ID 0 at LAPTOP-8JCJFQ94 (8 threads)                                 |
+------------------------------------------------------------------------------+
+------------------------------------------------------------------------------+
| Plane-Wave parallelization report                                            |
+------------------------------------------------------------------------------+
| Total number of processes: 1                                                 |
| Total number of k-points: 35                                                 |
| Processes per k-point: 1                                                     |
+------------------------------------------------------------------------------+
| Process occupation                                                           |
+------------------------------------------------------------------------------+
| Process 0: |===============================================================| |
+------------------------------------------------------------------------------+
+------------------------------------------------------------------------------+
| SCF Loop                                                                     |
+------------------------------------------------------------------------------+
|   0 E =  -11.97825533   dE =  1.197826e+01   dR =  2.567980e-07              |
|   1 E =  -11.97825535   dE =  1.443297e-08   dR =  1.928498e-07              |
|   2 E =  -11.97825535   dE =  7.160168e-09   dR =  1.674881e-07              |
+------------------------------------------------------------------------------+
| Calculation Converged in 3 steps                                             |
|                                                                              |
| Fermi Level  = -3.970565 eV                                                  |
+------------------------------------------------------------------------------+
+------------------------------------------------------------------------------+
|                                                                              |
| DFT Calculation  [Finished Tue Aug 11 23:16:47 2026]                         |
|                                                                              |
| Calculation time: 2.55 s                                                     |
|                                                                              |
+------------------------------------------------------------------------------+
+------------------------------------------------------------------------------+
| Optimization Forces Report                                                   |
+------------------------------------------------------------------------------+
| Element  Index            x            y            z    magnitude           |
|                    (eV/Ang)     (eV/Ang)     (eV/Ang)     (eV/Ang)           |
+------------------------------------------------------------------------------+
|      Si      0     0.000000     0.000000     0.000000     0.000000           |
|      Si      1    -0.000000    -0.000000     0.000000     0.000000           |
+------------------------------------------------------------------------------+
|   Total  Drift     0.000000     0.000000     0.000000     0.000000           |
+------------------------------------------------------------------------------+
+------------------------------------------------------------------------------+
| Geometry optimization using the LBFGS optimizer                              |
| Bravais Lattice: Face-Centered Cubic                                         |
| External pressure: 0.000 GPa                                                 |
+------------------------------------------------------------------------------+
|       Step Step Length      Volume  Max. Force  Stress Error        Enthalpy |
|                  (Ang)    (Ang**3)    (eV/Ang)         (GPa)            (eV) |
+------------------------------------------------------------------------------+
| OPT      0  0.0000e+00      40.039  1.3141e-18       2.26869      -11.978794 |
+------------------------------------------------------------------------------+
|                                                                              |
| Restart information                                                          |
|                                                                              |
+------------------------------------------------------------------------------+
| Maximum atom displacement:                 0.0035 Ang                        |
| Use initial_state from the last step:            True                        |
+------------------------------------------------------------------------------+
+------------------------------------------------------------------------------+
|                                                                              |
| DFT Calculation  [Started Tue Aug 11 23:16:49 2026]                          |
|                                                                              |
+------------------------------------------------------------------------------+
+------------------------------------------------------------------------------+
|                                                                              |
| CPU Information                                                              |
|                                                                              |
+------------------------------------------------------------------------------+
|  Process ID 0 at LAPTOP-8JCJFQ94 (8 threads)                                 |
+------------------------------------------------------------------------------+
+------------------------------------------------------------------------------+
| Plane-Wave parallelization report                                            |
+------------------------------------------------------------------------------+
| Total number of processes: 1                                                 |
| Total number of k-points: 35                                                 |
| Processes per k-point: 1                                                     |
+------------------------------------------------------------------------------+
| Process occupation                                                           |
+------------------------------------------------------------------------------+
| Process 0: |===============================================================| |
+------------------------------------------------------------------------------+
+------------------------------------------------------------------------------+
| SCF Loop                                                                     |
+------------------------------------------------------------------------------+
|   0 E =  -11.86653193   dE =  1.186653e+01   dR =  3.250761e-01              |
|   1 E =  -11.96299162   dE =  9.645969e-02   dR =  2.435454e-01              |
|   2 E =  -11.98840707   dE =  2.541545e-02   dR =  2.696363e-02              |
|   3 E =  -11.98340848   dE =  4.998587e-03   dR =  1.925832e-02              |
|   4 E =  -11.98103502   dE =  2.373464e-03   dR =  3.590075e-03              |
|   5 E =  -11.98062393   dE =  4.110859e-04   dR =  6.570976e-04              |
|   6 E =  -11.98063856   dE =  1.463009e-05   dR =  8.732865e-05              |
|   7 E =  -11.98064582   dE =  7.257082e-06   dR =  1.281854e-05              |
|   8 E =  -11.98064173   dE =  4.084400e-06   dR =  1.978909e-05              |
|   9 E =  -11.98064046   dE =  1.268956e-06   dR =  2.876445e-06              |
|  10 E =  -11.98064066   dE =  2.002647e-07   dR =  5.957110e-07              |
|  11 E =  -11.98064060   dE =  6.208793e-08   dR =  4.637814e-07              |
+------------------------------------------------------------------------------+
| Calculation Converged in 12 steps                                            |
|                                                                              |
| Fermi Level  = -3.966912 eV                                                  |
+------------------------------------------------------------------------------+
+------------------------------------------------------------------------------+
|                                                                              |
| DFT Calculation  [Finished Tue Aug 11 23:16:55 2026]                         |
|                                                                              |
| Calculation time: 6.12 s                                                     |
|                                                                              |
+------------------------------------------------------------------------------+
+------------------------------------------------------------------------------+
|                                                                              |
| Restart information                                                          |
|                                                                              |
+------------------------------------------------------------------------------+
| Maximum atom displacement:                 0.0147 Ang                        |
| Use initial_state from the last step:            True                        |
+------------------------------------------------------------------------------+
+------------------------------------------------------------------------------+
|                                                                              |
| DFT Calculation  [Started Tue Aug 11 23:16:57 2026]                          |
|                                                                              |
+------------------------------------------------------------------------------+
+------------------------------------------------------------------------------+
|                                                                              |
| CPU Information                                                              |
|                                                                              |
+------------------------------------------------------------------------------+
|  Process ID 0 at LAPTOP-8JCJFQ94 (8 threads)                                 |
+------------------------------------------------------------------------------+
+------------------------------------------------------------------------------+
| Plane-Wave parallelization report                                            |
+------------------------------------------------------------------------------+
| Total number of processes: 1                                                 |
| Total number of k-points: 29                                                 |
| Processes per k-point: 1                                                     |
+------------------------------------------------------------------------------+
| Process occupation                                                           |
+------------------------------------------------------------------------------+
| Process 0: |===============================================================| |
+------------------------------------------------------------------------------+
+------------------------------------------------------------------------------+
| SCF Loop                                                                     |
+------------------------------------------------------------------------------+
|   0 E =  -11.14894150   dE =  1.114894e+01   dR =  1.424637e+00              |
|   1 E =  -11.60249419   dE =  4.535527e-01   dR =  9.789245e-01              |
|   2 E =  -11.91905526   dE =  3.165611e-01   dR =  4.280242e-01              |
|   3 E =  -11.98339114   dE =  6.433588e-02   dR =  5.662514e-02              |
|   4 E =  -11.98476861   dE =  1.377465e-03   dR =  7.277506e-02              |
|   5 E =  -11.97786110   dE =  6.907502e-03   dR =  2.055237e-02              |
|   6 E =  -11.97657521   dE =  1.285890e-03   dR =  1.797807e-02              |
|   7 E =  -11.98171970   dE =  5.144489e-03   dR =  1.249528e-02              |
|   8 E =  -11.98289650   dE =  1.176801e-03   dR =  9.897700e-04              |
|   9 E =  -11.98340628   dE =  5.097743e-04   dR =  6.281123e-04              |
|  10 E =  -11.98297920   dE =  4.270797e-04   dR =  2.769816e-04              |
|  11 E =  -11.98311074   dE =  1.315458e-04   dR =  1.590856e-04              |
|  12 E =  -11.98313349   dE =  2.274890e-05   dR =  2.079190e-05              |
|  13 E =  -11.98312923   dE =  4.260532e-06   dR =  1.319630e-05              |
|  14 E =  -11.98313476   dE =  5.525327e-06   dR =  5.633078e-06              |
|  15 E =  -11.98313468   dE =  8.175467e-08   dR =  2.240148e-06              |
|  16 E =  -11.98313520   dE =  5.264542e-07   dR =  2.199552e-06              |
+------------------------------------------------------------------------------+
| Calculation Converged in 17 steps                                            |
|                                                                              |
| Fermi Level  = -3.949306 eV                                                  |
+------------------------------------------------------------------------------+
+------------------------------------------------------------------------------+
|                                                                              |
| DFT Calculation  [Finished Tue Aug 11 23:17:04 2026]                         |
|                                                                              |
| Calculation time: 7.72 s                                                     |
|                                                                              |
+------------------------------------------------------------------------------+
+------------------------------------------------------------------------------+
| Optimization Forces Report                                                   |
+------------------------------------------------------------------------------+
| Element  Index            x            y            z    magnitude           |
|                    (eV/Ang)     (eV/Ang)     (eV/Ang)     (eV/Ang)           |
+------------------------------------------------------------------------------+
|      Si      0    -0.000000    -0.000000     0.000000     0.000000           |
|      Si      1     0.000000     0.000000     0.000000     0.000000           |
+------------------------------------------------------------------------------+
|   Total  Drift     0.000000     0.000000     0.000000     0.000000           |
+------------------------------------------------------------------------------+
+------------------------------------------------------------------------------+
| Geometry optimization using the LBFGS optimizer                              |
| Bravais Lattice: Face-Centered Cubic                                         |
| External pressure: 0.000 GPa                                                 |
+------------------------------------------------------------------------------+
|       Step Step Length      Volume  Max. Force  Stress Error        Enthalpy |
|                  (Ang)    (Ang**3)    (eV/Ang)         (GPa)            (eV) |
+------------------------------------------------------------------------------+
|          0  0.0000e+00      40.039  1.3141e-18       2.26869      -11.978794 |
| OPT      1  2.9821e-02      40.979  1.3141e-18       0.09748      -11.983634 |
+------------------------------------------------------------------------------+
| Geometry optimization converged in 1 steps.                                  |
+------------------------------------------------------------------------------+
+------------------------------------------------------------------------------+
|                                                                              |
| Restart information                                                          |
|                                                                              |
+------------------------------------------------------------------------------+
| Maximum atom displacement:                 0.0000 Ang                        |
| Use initial_state from the last step:            True                        |
+------------------------------------------------------------------------------+
+------------------------------------------------------------------------------+
|                                                                              |
| DFT Calculation  [Started Tue Aug 11 23:17:06 2026]                          |
|                                                                              |
+------------------------------------------------------------------------------+
+------------------------------------------------------------------------------+
|                                                                              |
| CPU Information                                                              |
|                                                                              |
+------------------------------------------------------------------------------+
|  Process ID 0 at LAPTOP-8JCJFQ94 (8 threads)                                 |
+------------------------------------------------------------------------------+
+------------------------------------------------------------------------------+
| Plane-Wave parallelization report                                            |
+------------------------------------------------------------------------------+
| Total number of processes: 1                                                 |
| Total number of k-points: 29                                                 |
| Processes per k-point: 1                                                     |
+------------------------------------------------------------------------------+
| Process occupation                                                           |
+------------------------------------------------------------------------------+
| Process 0: |===============================================================| |
+------------------------------------------------------------------------------+
+------------------------------------------------------------------------------+
| SCF Loop                                                                     |
+------------------------------------------------------------------------------+
|   0 E =  -11.98313385   dE =  1.198313e+01   dR =  7.385133e-07              |
|   1 E =  -11.98313379   dE =  5.485472e-08   dR =  5.694767e-07              |
|   2 E =  -11.98313378   dE =  1.089442e-08   dR =  5.205911e-07              |
+------------------------------------------------------------------------------+
| Calculation Converged in 3 steps                                             |
|                                                                              |
| Fermi Level  = -3.949306 eV                                                  |
+------------------------------------------------------------------------------+
+------------------------------------------------------------------------------+
|                                                                              |
| DFT Calculation  [Finished Tue Aug 11 23:17:08 2026]                         |
|                                                                              |
| Calculation time: 2.22 s                                                     |
|                                                                              |
+------------------------------------------------------------------------------+

Timing:                          Total     Per Step        %

--------------------------------------------------------------------------------

Solve Eigensystem       :      13.26 s       0.25 s      31.60% |=============|
Loading Modules + MPI   :       7.68 s       7.68 s      18.31% |=======|
Energy, Forces & Stress :       4.24 s       1.41 s      10.10% |===|
PAW Atom Hamiltonian    :       3.32 s       0.05 s       7.92% |===|
PAW Density Matrices    :       1.70 s       0.03 s       4.06% |=|
Valence Density         :       1.69 s       0.03 s       4.04% |=|
Constant Terms          :       0.67 s       0.07 s       1.59% ||
Exchange-Correlation    :       0.32 s       0.01 s       0.76% |
Init. Wave Functions    :       0.28 s       0.14 s       0.66% |
PAW Atomic Energy       :       0.11 s       0.00 s       0.27% |
Generating Densities    :       0.10 s       0.00 s       0.23% |
Difference Density      :       0.07 s       0.00 s       0.17% |
Effective Potential     :       0.07 s       0.00 s       0.17% |
Kinetic Energy          :       0.06 s       0.00 s       0.14% |
One-center energy       :       0.02 s       0.00 s       0.05% |
Two-center energy       :       0.01 s       0.00 s       0.02% |
Hartree Potential       :       0.01 s       0.00 s       0.02% |
PAW Charges             :       0.00 s       0.00 s       0.01% |
Zero potential energy   :       0.00 s       0.00 s       0.00% |
--------------------------------------------------------------------------------
Total                   :      41.95 s
